[0.010s] Invoking command in '/home/spalo/URC2024/software/model/build/rover': CMAKE_PREFIX_PATH=${CMAKE_PREFIX_PATH}:/opt/ros/jazzy /usr/bin/cmake --build /home/spalo/URC2024/software/model/build/rover -- -j12 -l12
[0.041s] Invoked command in '/home/spalo/URC2024/software/model/build/rover' returned '0': CMAKE_PREFIX_PATH=${CMAKE_PREFIX_PATH}:/opt/ros/jazzy /usr/bin/cmake --build /home/spalo/URC2024/software/model/build/rover -- -j12 -l12
[0.048s] Invoking command in '/home/spalo/URC2024/software/model/build/rover': CMAKE_PREFIX_PATH=${CMAKE_PREFIX_PATH}:/opt/ros/jazzy /usr/bin/cmake --install /home/spalo/URC2024/software/model/build/rover
[0.052s] -- Install configuration: ""
[0.053s] -- Up-to-date: /home/spalo/URC2024/software/model/install/rover/share/rover/launch
[0.053s] -- Up-to-date: /home/spalo/URC2024/software/model/install/rover/share/rover/launch/rsp.launch.py
[0.053s] -- Up-to-date: /home/spalo/URC2024/software/model/install/rover/share/rover/launch/launch_sim.launch.py
[0.053s] -- Up-to-date: /home/spalo/URC2024/software/model/install/rover/share/rover/launch/rviz.launch.py
[0.053s] -- Up-to-date: /home/spalo/URC2024/software/model/install/rover/share/rover/launch/control.launch.py
[0.053s] -- Up-to-date: /home/spalo/URC2024/software/model/install/rover/share/rover/description
[0.053s] -- Up-to-date: /home/spalo/URC2024/software/model/install/rover/share/rover/description/rover.urdf.xacro
[0.053s] -- Up-to-date: /home/spalo/URC2024/software/model/install/rover/share/rover/description/rover_core_lr.xacro
[0.053s] -- Up-to-date: /home/spalo/URC2024/software/model/install/rover/share/rover/description/gazebo_control.xacro
[0.053s] -- Up-to-date: /home/spalo/URC2024/software/model/install/rover/share/rover/description/inertial_macros.xacro
[0.053s] -- Up-to-date: /home/spalo/URC2024/software/model/install/rover/share/rover/config
[0.053s] -- Up-to-date: /home/spalo/URC2024/software/model/install/rover/share/rover/config/controller_position.yaml
[0.053s] -- Up-to-date: /home/spalo/URC2024/software/model/install/rover/share/rover/rviz
[0.053s] -- Up-to-date: /home/spalo/URC2024/software/model/install/rover/share/rover/rviz/default.rviz
[0.053s] -- Installing: /home/spalo/URC2024/software/model/install/rover/lib/rover/control.py
[0.053s] -- Up-to-date: /home/spalo/URC2024/software/model/install/rover/share/ament_index/resource_index/package_run_dependencies/rover
[0.053s] -- Up-to-date: /home/spalo/URC2024/software/model/install/rover/share/ament_index/resource_index/parent_prefix_path/rover
[0.053s] -- Up-to-date: /home/spalo/URC2024/software/model/install/rover/share/rover/environment/ament_prefix_path.sh
[0.053s] -- Up-to-date: /home/spalo/URC2024/software/model/install/rover/share/rover/environment/ament_prefix_path.dsv
[0.054s] -- Up-to-date: /home/spalo/URC2024/software/model/install/rover/share/rover/environment/path.sh
[0.054s] -- Up-to-date: /home/spalo/URC2024/software/model/install/rover/share/rover/environment/path.dsv
[0.054s] -- Up-to-date: /home/spalo/URC2024/software/model/install/rover/share/rover/local_setup.bash
[0.054s] -- Up-to-date: /home/spalo/URC2024/software/model/install/rover/share/rover/local_setup.sh
[0.054s] -- Up-to-date: /home/spalo/URC2024/software/model/install/rover/share/rover/local_setup.zsh
[0.054s] -- Up-to-date: /home/spalo/URC2024/software/model/install/rover/share/rover/local_setup.dsv
[0.054s] -- Up-to-date: /home/spalo/URC2024/software/model/install/rover/share/rover/package.dsv
[0.054s] -- Up-to-date: /home/spalo/URC2024/software/model/install/rover/share/ament_index/resource_index/packages/rover
[0.054s] -- Up-to-date: /home/spalo/URC2024/software/model/install/rover/share/rover/cmake/roverConfig.cmake
[0.055s] -- Up-to-date: /home/spalo/URC2024/software/model/install/rover/share/rover/cmake/roverConfig-version.cmake
[0.055s] -- Up-to-date: /home/spalo/URC2024/software/model/install/rover/share/rover/package.xml
[0.056s] Invoked command in '/home/spalo/URC2024/software/model/build/rover' returned '0': CMAKE_PREFIX_PATH=${CMAKE_PREFIX_PATH}:/opt/ros/jazzy /usr/bin/cmake --install /home/spalo/URC2024/software/model/build/rover
