[0.629s] DEBUG:colcon:Command line arguments: ['/usr/bin/colcon', 'build']
[0.629s] DEBUG:colcon:Parsed command line arguments: Namespace(log_base=None, log_level=None, verb_name='build', build_base='build', install_base='install', merge_install=False, symlink_install=False, test_result_base=None, continue_on_error=False, executor='parallel', parallel_workers=20, event_handlers=None, ignore_user_meta=False, metas=['./colcon.meta'], base_paths=['.'], packages_ignore=None, packages_ignore_regex=None, paths=None, packages_up_to=None, packages_up_to_regex=None, packages_above=None, packages_above_and_dependencies=None, packages_above_depth=None, packages_select_by_dep=None, packages_skip_by_dep=None, packages_skip_up_to=None, packages_select_build_failed=False, packages_skip_build_finished=False, packages_select_test_failures=False, packages_skip_test_passed=False, packages_select=None, packages_skip=None, packages_select_regex=None, packages_skip_regex=None, packages_start=None, packages_end=None, allow_overriding=[], cmake_args=None, cmake_target=None, cmake_target_skip_unavailable=False, cmake_clean_cache=False, cmake_clean_first=False, cmake_force_configure=False, ament_cmake_args=None, catkin_cmake_args=None, catkin_skip_building_tests=False, mixin_files=None, mixin=None, verb_parser=<colcon_mixin.mixin.mixin_argument.MixinArgumentDecorator object at 0x7f9d18891ca0>, verb_extension=<colcon_core.verb.build.BuildVerb object at 0x7f9d187471a0>, main=<bound method BuildVerb.main of <colcon_core.verb.build.BuildVerb object at 0x7f9d187471a0>>, mixin_verb=('build',))
[0.660s] Level 1:colcon.colcon_core.package_discovery:discover_packages(colcon_meta) check parameters
[0.660s] Level 1:colcon.colcon_core.package_discovery:discover_packages(recursive) check parameters
[0.660s] Level 1:colcon.colcon_core.package_discovery:discover_packages(ignore) check parameters
[0.660s] Level 1:colcon.colcon_core.package_discovery:discover_packages(path) check parameters
[0.660s] Level 1:colcon.colcon_core.package_discovery:discover_packages(colcon_meta) discover
[0.660s] Level 1:colcon.colcon_core.package_discovery:discover_packages(recursive) discover
[0.661s] INFO:colcon.colcon_core.package_discovery:Crawling recursively for packages in '/home/aagrawal05/URC2024/software/model'
[0.661s] Level 1:colcon.colcon_core.package_identification:_identify(.) by extensions ['ignore', 'ignore_ament_install']
[0.661s] Level 1:colcon.colcon_core.package_identification:_identify(.) by extension 'ignore'
[0.661s] Level 1:colcon.colcon_core.package_identification:_identify(.) by extension 'ignore_ament_install'
[0.661s] Level 1:colcon.colcon_core.package_identification:_identify(.) by extensions ['colcon_pkg']
[0.661s] Level 1:colcon.colcon_core.package_identification:_identify(.) by extension 'colcon_pkg'
[0.661s] Level 1:colcon.colcon_core.package_identification:_identify(.) by extensions ['colcon_meta']
[0.661s] Level 1:colcon.colcon_core.package_identification:_identify(.) by extension 'colcon_meta'
[0.661s] Level 1:colcon.colcon_core.package_identification:_identify(.) by extensions ['ros']
[0.661s] Level 1:colcon.colcon_core.package_identification:_identify(.) by extension 'ros'
[0.682s] Level 1:colcon.colcon_core.package_identification:_identify(.) by extensions ['cmake', 'python']
[0.682s] Level 1:colcon.colcon_core.package_identification:_identify(.) by extension 'cmake'
[0.682s] Level 1:colcon.colcon_core.package_identification:_identify(.) by extension 'python'
[0.682s] Level 1:colcon.colcon_core.package_identification:_identify(.) by extensions ['python_setup_py']
[0.682s] Level 1:colcon.colcon_core.package_identification:_identify(.) by extension 'python_setup_py'
[0.682s] Level 1:colcon.colcon_core.package_identification:_identify(build) by extensions ['ignore', 'ignore_ament_install']
[0.682s] Level 1:colcon.colcon_core.package_identification:_identify(build) by extension 'ignore'
[0.682s] Level 1:colcon.colcon_core.package_identification:_identify(build) ignored
[0.682s] Level 1:colcon.colcon_core.package_identification:_identify(install) by extensions ['ignore', 'ignore_ament_install']
[0.682s] Level 1:colcon.colcon_core.package_identification:_identify(install) by extension 'ignore'
[0.682s] Level 1:colcon.colcon_core.package_identification:_identify(install) ignored
[0.683s] Level 1:colcon.colcon_core.package_identification:_identify(log) by extensions ['ignore', 'ignore_ament_install']
[0.683s] Level 1:colcon.colcon_core.package_identification:_identify(log) by extension 'ignore'
[0.683s] Level 1:colcon.colcon_core.package_identification:_identify(log) ignored
[0.683s] Level 1:colcon.colcon_core.package_identification:_identify(ros2_ws) by extensions ['ignore', 'ignore_ament_install']
[0.683s] Level 1:colcon.colcon_core.package_identification:_identify(ros2_ws) by extension 'ignore'
[0.683s] Level 1:colcon.colcon_core.package_identification:_identify(ros2_ws) by extension 'ignore_ament_install'
[0.683s] Level 1:colcon.colcon_core.package_identification:_identify(ros2_ws) by extensions ['colcon_pkg']
[0.683s] Level 1:colcon.colcon_core.package_identification:_identify(ros2_ws) by extension 'colcon_pkg'
[0.683s] Level 1:colcon.colcon_core.package_identification:_identify(ros2_ws) by extensions ['colcon_meta']
[0.683s] Level 1:colcon.colcon_core.package_identification:_identify(ros2_ws) by extension 'colcon_meta'
[0.683s] Level 1:colcon.colcon_core.package_identification:_identify(ros2_ws) by extensions ['ros']
[0.683s] Level 1:colcon.colcon_core.package_identification:_identify(ros2_ws) by extension 'ros'
[0.683s] Level 1:colcon.colcon_core.package_identification:_identify(ros2_ws) by extensions ['cmake', 'python']
[0.683s] Level 1:colcon.colcon_core.package_identification:_identify(ros2_ws) by extension 'cmake'
[0.683s] Level 1:colcon.colcon_core.package_identification:_identify(ros2_ws) by extension 'python'
[0.683s] Level 1:colcon.colcon_core.package_identification:_identify(ros2_ws) by extensions ['python_setup_py']
[0.683s] Level 1:colcon.colcon_core.package_identification:_identify(ros2_ws) by extension 'python_setup_py'
[0.683s] Level 1:colcon.colcon_core.package_identification:_identify(ros2_ws/build) by extensions ['ignore', 'ignore_ament_install']
[0.683s] Level 1:colcon.colcon_core.package_identification:_identify(ros2_ws/build) by extension 'ignore'
[0.683s] Level 1:colcon.colcon_core.package_identification:_identify(ros2_ws/build) ignored
[0.683s] Level 1:colcon.colcon_core.package_identification:_identify(ros2_ws/install) by extensions ['ignore', 'ignore_ament_install']
[0.683s] Level 1:colcon.colcon_core.package_identification:_identify(ros2_ws/install) by extension 'ignore'
[0.683s] Level 1:colcon.colcon_core.package_identification:_identify(ros2_ws/install) ignored
[0.683s] Level 1:colcon.colcon_core.package_identification:_identify(ros2_ws/log) by extensions ['ignore', 'ignore_ament_install']
[0.683s] Level 1:colcon.colcon_core.package_identification:_identify(ros2_ws/log) by extension 'ignore'
[0.683s] Level 1:colcon.colcon_core.package_identification:_identify(ros2_ws/log) ignored
[0.683s] Level 1:colcon.colcon_core.package_identification:_identify(ros2_ws/src) by extensions ['ignore', 'ignore_ament_install']
[0.683s] Level 1:colcon.colcon_core.package_identification:_identify(ros2_ws/src) by extension 'ignore'
[0.683s] Level 1:colcon.colcon_core.package_identification:_identify(ros2_ws/src) by extension 'ignore_ament_install'
[0.684s] Level 1:colcon.colcon_core.package_identification:_identify(ros2_ws/src) by extensions ['colcon_pkg']
[0.684s] Level 1:colcon.colcon_core.package_identification:_identify(ros2_ws/src) by extension 'colcon_pkg'
[0.684s] Level 1:colcon.colcon_core.package_identification:_identify(ros2_ws/src) by extensions ['colcon_meta']
[0.684s] Level 1:colcon.colcon_core.package_identification:_identify(ros2_ws/src) by extension 'colcon_meta'
[0.684s] Level 1:colcon.colcon_core.package_identification:_identify(ros2_ws/src) by extensions ['ros']
[0.684s] Level 1:colcon.colcon_core.package_identification:_identify(ros2_ws/src) by extension 'ros'
[0.684s] Level 1:colcon.colcon_core.package_identification:_identify(ros2_ws/src) by extensions ['cmake', 'python']
[0.684s] Level 1:colcon.colcon_core.package_identification:_identify(ros2_ws/src) by extension 'cmake'
[0.684s] Level 1:colcon.colcon_core.package_identification:_identify(ros2_ws/src) by extension 'python'
[0.684s] Level 1:colcon.colcon_core.package_identification:_identify(ros2_ws/src) by extensions ['python_setup_py']
[0.684s] Level 1:colcon.colcon_core.package_identification:_identify(ros2_ws/src) by extension 'python_setup_py'
[0.684s] Level 1:colcon.colcon_core.package_identification:_identify(ros2_ws/src/rover) by extensions ['ignore', 'ignore_ament_install']
[0.684s] Level 1:colcon.colcon_core.package_identification:_identify(ros2_ws/src/rover) by extension 'ignore'
[0.684s] Level 1:colcon.colcon_core.package_identification:_identify(ros2_ws/src/rover) by extension 'ignore_ament_install'
[0.684s] Level 1:colcon.colcon_core.package_identification:_identify(ros2_ws/src/rover) by extensions ['colcon_pkg']
[0.684s] Level 1:colcon.colcon_core.package_identification:_identify(ros2_ws/src/rover) by extension 'colcon_pkg'
[0.684s] Level 1:colcon.colcon_core.package_identification:_identify(ros2_ws/src/rover) by extensions ['colcon_meta']
[0.684s] Level 1:colcon.colcon_core.package_identification:_identify(ros2_ws/src/rover) by extension 'colcon_meta'
[0.684s] Level 1:colcon.colcon_core.package_identification:_identify(ros2_ws/src/rover) by extensions ['ros']
[0.684s] Level 1:colcon.colcon_core.package_identification:_identify(ros2_ws/src/rover) by extension 'ros'
[0.686s] DEBUG:colcon.colcon_core.package_identification:Package 'ros2_ws/src/rover' with type 'ros.ament_cmake' and name 'rover'
[0.686s] Level 1:colcon.colcon_core.package_discovery:discover_packages(recursive) using defaults
[0.686s] Level 1:colcon.colcon_core.package_discovery:discover_packages(ignore) discover
[0.686s] Level 1:colcon.colcon_core.package_discovery:discover_packages(ignore) using defaults
[0.686s] Level 1:colcon.colcon_core.package_discovery:discover_packages(path) discover
[0.686s] Level 1:colcon.colcon_core.package_discovery:discover_packages(path) using defaults
[0.701s] Level 1:colcon.colcon_core.package_discovery:discover_packages(prefix_path) check parameters
[0.701s] Level 1:colcon.colcon_core.package_discovery:discover_packages(prefix_path) discover
[0.703s] DEBUG:colcon.colcon_installed_package_information.package_discovery:Found 439 installed packages in /opt/ros/jazzy
[0.705s] Level 1:colcon.colcon_core.package_discovery:discover_packages(prefix_path) using defaults
[0.746s] Level 5:colcon.colcon_core.verb:set package 'rover' build argument 'cmake_args' from command line to 'None'
[0.746s] Level 5:colcon.colcon_core.verb:set package 'rover' build argument 'cmake_target' from command line to 'None'
[0.746s] Level 5:colcon.colcon_core.verb:set package 'rover' build argument 'cmake_target_skip_unavailable' from command line to 'False'
[0.746s] Level 5:colcon.colcon_core.verb:set package 'rover' build argument 'cmake_clean_cache' from command line to 'False'
[0.746s] Level 5:colcon.colcon_core.verb:set package 'rover' build argument 'cmake_clean_first' from command line to 'False'
[0.746s] Level 5:colcon.colcon_core.verb:set package 'rover' build argument 'cmake_force_configure' from command line to 'False'
[0.746s] Level 5:colcon.colcon_core.verb:set package 'rover' build argument 'ament_cmake_args' from command line to 'None'
[0.746s] Level 5:colcon.colcon_core.verb:set package 'rover' build argument 'catkin_cmake_args' from command line to 'None'
[0.746s] Level 5:colcon.colcon_core.verb:set package 'rover' build argument 'catkin_skip_building_tests' from command line to 'False'
[0.746s] DEBUG:colcon.colcon_core.verb:Building package 'rover' with the following arguments: {'ament_cmake_args': None, 'build_base': '/home/aagrawal05/URC2024/software/model/build/rover', 'catkin_cmake_args': None, 'catkin_skip_building_tests': False, 'cmake_args': None, 'cmake_clean_cache': False, 'cmake_clean_first': False, 'cmake_force_configure': False, 'cmake_target': None, 'cmake_target_skip_unavailable': False, 'install_base': '/home/aagrawal05/URC2024/software/model/install/rover', 'merge_install': False, 'path': '/home/aagrawal05/URC2024/software/model/ros2_ws/src/rover', 'symlink_install': False, 'test_result_base': None}
[0.746s] INFO:colcon.colcon_core.executor:Executing jobs using 'parallel' executor
[0.747s] DEBUG:colcon.colcon_parallel_executor.executor.parallel:run_until_complete
[0.747s] INFO:colcon.colcon_ros.task.ament_cmake.build:Building ROS package in '/home/aagrawal05/URC2024/software/model/ros2_ws/src/rover' with build type 'ament_cmake'
[0.747s] INFO:colcon.colcon_cmake.task.cmake.build:Building CMake package in '/home/aagrawal05/URC2024/software/model/ros2_ws/src/rover'
[0.749s] INFO:colcon.colcon_core.plugin_system:Skipping extension 'colcon_core.shell.bat': Not used on non-Windows systems
[0.749s] INFO:colcon.colcon_core.shell:Skip shell extension 'powershell' for command environment: Not usable outside of PowerShell
[0.749s] DEBUG:colcon.colcon_core.shell:Skip shell extension 'dsv' for command environment
[0.757s] DEBUG:colcon.colcon_core.event_handler.log_command:Invoking command in '/home/aagrawal05/URC2024/software/model/build/rover': CMAKE_PREFIX_PATH=${CMAKE_PREFIX_PATH}:/opt/ros/jazzy /usr/bin/cmake /home/aagrawal05/URC2024/software/model/ros2_ws/src/rover -DCMAKE_INSTALL_PREFIX=/home/aagrawal05/URC2024/software/model/install/rover
[10.244s] DEBUG:colcon.colcon_core.event_handler.log_command:Invoked command in '/home/aagrawal05/URC2024/software/model/build/rover' returned '0': CMAKE_PREFIX_PATH=${CMAKE_PREFIX_PATH}:/opt/ros/jazzy /usr/bin/cmake /home/aagrawal05/URC2024/software/model/ros2_ws/src/rover -DCMAKE_INSTALL_PREFIX=/home/aagrawal05/URC2024/software/model/install/rover
[10.245s] DEBUG:colcon.colcon_core.event_handler.log_command:Invoking command in '/home/aagrawal05/URC2024/software/model/build/rover': CMAKE_PREFIX_PATH=${CMAKE_PREFIX_PATH}:/opt/ros/jazzy /usr/bin/cmake --build /home/aagrawal05/URC2024/software/model/build/rover -- -j20 -l20
[10.275s] DEBUG:colcon.colcon_core.event_handler.log_command:Invoked command in '/home/aagrawal05/URC2024/software/model/build/rover' returned '0': CMAKE_PREFIX_PATH=${CMAKE_PREFIX_PATH}:/opt/ros/jazzy /usr/bin/cmake --build /home/aagrawal05/URC2024/software/model/build/rover -- -j20 -l20
[10.282s] DEBUG:colcon.colcon_core.event_handler.log_command:Invoking command in '/home/aagrawal05/URC2024/software/model/build/rover': CMAKE_PREFIX_PATH=${CMAKE_PREFIX_PATH}:/opt/ros/jazzy /usr/bin/cmake --install /home/aagrawal05/URC2024/software/model/build/rover
[10.296s] Level 1:colcon.colcon_core.environment:create_environment_scripts_only(rover)
[10.297s] DEBUG:colcon.colcon_core.event_handler.log_command:Invoked command in '/home/aagrawal05/URC2024/software/model/build/rover' returned '0': CMAKE_PREFIX_PATH=${CMAKE_PREFIX_PATH}:/opt/ros/jazzy /usr/bin/cmake --install /home/aagrawal05/URC2024/software/model/build/rover
[10.298s] Level 1:colcon.colcon_core.environment:checking '/home/aagrawal05/URC2024/software/model/install/rover' for CMake module files
[10.298s] Level 1:colcon.colcon_core.environment:checking '/home/aagrawal05/URC2024/software/model/install/rover' for CMake config files
[10.299s] Level 1:colcon.colcon_core.shell:create_environment_hook('rover', 'cmake_prefix_path')
[10.299s] INFO:colcon.colcon_core.shell:Creating environment hook '/home/aagrawal05/URC2024/software/model/install/rover/share/rover/hook/cmake_prefix_path.ps1'
[10.299s] INFO:colcon.colcon_core.shell:Creating environment descriptor '/home/aagrawal05/URC2024/software/model/install/rover/share/rover/hook/cmake_prefix_path.dsv'
[10.300s] INFO:colcon.colcon_core.shell:Creating environment hook '/home/aagrawal05/URC2024/software/model/install/rover/share/rover/hook/cmake_prefix_path.sh'
[10.300s] Level 1:colcon.colcon_core.environment:checking '/home/aagrawal05/URC2024/software/model/install/rover/lib'
[10.300s] Level 1:colcon.colcon_core.environment:checking '/home/aagrawal05/URC2024/software/model/install/rover/bin'
[10.301s] Level 1:colcon.colcon_core.environment:checking '/home/aagrawal05/URC2024/software/model/install/rover/lib/pkgconfig/rover.pc'
[10.301s] Level 1:colcon.colcon_core.environment:checking '/home/aagrawal05/URC2024/software/model/install/rover/lib/python3.12/site-packages'
[10.301s] Level 1:colcon.colcon_core.environment:checking '/home/aagrawal05/URC2024/software/model/install/rover/bin'
[10.301s] INFO:colcon.colcon_core.shell:Creating package script '/home/aagrawal05/URC2024/software/model/install/rover/share/rover/package.ps1'
[10.302s] INFO:colcon.colcon_core.shell:Creating package descriptor '/home/aagrawal05/URC2024/software/model/install/rover/share/rover/package.dsv'
[10.302s] INFO:colcon.colcon_core.shell:Creating package script '/home/aagrawal05/URC2024/software/model/install/rover/share/rover/package.sh'
[10.303s] INFO:colcon.colcon_core.shell:Creating package script '/home/aagrawal05/URC2024/software/model/install/rover/share/rover/package.bash'
[10.303s] INFO:colcon.colcon_core.shell:Creating package script '/home/aagrawal05/URC2024/software/model/install/rover/share/rover/package.zsh'
[10.304s] Level 1:colcon.colcon_core.environment:create_file_with_runtime_dependencies(/home/aagrawal05/URC2024/software/model/install/rover/share/colcon-core/packages/rover)
[10.304s] Level 1:colcon.colcon_core.environment:create_environment_scripts_only(rover)
[10.305s] Level 1:colcon.colcon_core.environment:checking '/home/aagrawal05/URC2024/software/model/install/rover' for CMake module files
[10.305s] Level 1:colcon.colcon_core.environment:checking '/home/aagrawal05/URC2024/software/model/install/rover' for CMake config files
[10.305s] Level 1:colcon.colcon_core.shell:create_environment_hook('rover', 'cmake_prefix_path')
[10.305s] INFO:colcon.colcon_core.shell:Creating environment hook '/home/aagrawal05/URC2024/software/model/install/rover/share/rover/hook/cmake_prefix_path.ps1'
[10.306s] INFO:colcon.colcon_core.shell:Creating environment descriptor '/home/aagrawal05/URC2024/software/model/install/rover/share/rover/hook/cmake_prefix_path.dsv'
[10.306s] INFO:colcon.colcon_core.shell:Creating environment hook '/home/aagrawal05/URC2024/software/model/install/rover/share/rover/hook/cmake_prefix_path.sh'
[10.307s] Level 1:colcon.colcon_core.environment:checking '/home/aagrawal05/URC2024/software/model/install/rover/lib'
[10.307s] Level 1:colcon.colcon_core.environment:checking '/home/aagrawal05/URC2024/software/model/install/rover/bin'
[10.307s] Level 1:colcon.colcon_core.environment:checking '/home/aagrawal05/URC2024/software/model/install/rover/lib/pkgconfig/rover.pc'
[10.308s] Level 1:colcon.colcon_core.environment:checking '/home/aagrawal05/URC2024/software/model/install/rover/lib/python3.12/site-packages'
[10.308s] Level 1:colcon.colcon_core.environment:checking '/home/aagrawal05/URC2024/software/model/install/rover/bin'
[10.308s] INFO:colcon.colcon_core.shell:Creating package script '/home/aagrawal05/URC2024/software/model/install/rover/share/rover/package.ps1'
[10.308s] INFO:colcon.colcon_core.shell:Creating package descriptor '/home/aagrawal05/URC2024/software/model/install/rover/share/rover/package.dsv'
[10.309s] INFO:colcon.colcon_core.shell:Creating package script '/home/aagrawal05/URC2024/software/model/install/rover/share/rover/package.sh'
[10.309s] INFO:colcon.colcon_core.shell:Creating package script '/home/aagrawal05/URC2024/software/model/install/rover/share/rover/package.bash'
[10.309s] INFO:colcon.colcon_core.shell:Creating package script '/home/aagrawal05/URC2024/software/model/install/rover/share/rover/package.zsh'
[10.310s] Level 1:colcon.colcon_core.environment:create_file_with_runtime_dependencies(/home/aagrawal05/URC2024/software/model/install/rover/share/colcon-core/packages/rover)
[10.310s] DEBUG:colcon.colcon_parallel_executor.executor.parallel:closing loop
[10.310s] DEBUG:colcon.colcon_parallel_executor.executor.parallel:loop closed
[10.310s] DEBUG:colcon.colcon_parallel_executor.executor.parallel:run_until_complete finished with '0'
[10.310s] DEBUG:colcon.colcon_core.event_reactor:joining thread
[10.315s] INFO:colcon.colcon_core.plugin_system:Skipping extension 'colcon_notification.desktop_notification.terminal_notifier': Not used on non-Darwin systems
[10.315s] INFO:colcon.colcon_core.plugin_system:Skipping extension 'colcon_notification.desktop_notification.win32': Not used on non-Windows systems
[10.315s] INFO:colcon.colcon_notification.desktop_notification:Sending desktop notification using 'notify2'
[10.315s] DEBUG:colcon.colcon_notification.desktop_notification.notify2:Failed to initialize notify2: org.freedesktop.DBus.Error.NoServer: Failed to connect to socket /run/user/1000/bus: Connection refused
[10.315s] DEBUG:colcon.colcon_core.event_reactor:joined thread
[10.316s] INFO:colcon.colcon_core.shell:Creating prefix script '/home/aagrawal05/URC2024/software/model/install/local_setup.ps1'
[10.316s] INFO:colcon.colcon_core.shell:Creating prefix util module '/home/aagrawal05/URC2024/software/model/install/_local_setup_util_ps1.py'
[10.317s] INFO:colcon.colcon_core.shell:Creating prefix chain script '/home/aagrawal05/URC2024/software/model/install/setup.ps1'
[10.317s] INFO:colcon.colcon_core.shell:Creating prefix script '/home/aagrawal05/URC2024/software/model/install/local_setup.sh'
[10.317s] INFO:colcon.colcon_core.shell:Creating prefix util module '/home/aagrawal05/URC2024/software/model/install/_local_setup_util_sh.py'
[10.318s] INFO:colcon.colcon_core.shell:Creating prefix chain script '/home/aagrawal05/URC2024/software/model/install/setup.sh'
[10.318s] INFO:colcon.colcon_core.shell:Creating prefix script '/home/aagrawal05/URC2024/software/model/install/local_setup.bash'
[10.318s] INFO:colcon.colcon_core.shell:Creating prefix chain script '/home/aagrawal05/URC2024/software/model/install/setup.bash'
[10.319s] INFO:colcon.colcon_core.shell:Creating prefix script '/home/aagrawal05/URC2024/software/model/install/local_setup.zsh'
[10.319s] INFO:colcon.colcon_core.shell:Creating prefix chain script '/home/aagrawal05/URC2024/software/model/install/setup.zsh'
