-- Install configuration: ""
-- Up-to-date: /home/spalo/URC2024/software/model/install/rover/share/rover/launch
-- Up-to-date: /home/spalo/URC2024/software/model/install/rover/share/rover/launch/rsp.launch.py
-- Up-to-date: /home/spalo/URC2024/software/model/install/rover/share/rover/launch/launch_sim.launch.py
-- Up-to-date: /home/spalo/URC2024/software/model/install/rover/share/rover/launch/rviz.launch.py
-- Up-to-date: /home/spalo/URC2024/software/model/install/rover/share/rover/launch/control.launch.py
-- Up-to-date: /home/spalo/URC2024/software/model/install/rover/share/rover/description
-- Up-to-date: /home/spalo/URC2024/software/model/install/rover/share/rover/description/rover.urdf.xacro
-- Up-to-date: /home/spalo/URC2024/software/model/install/rover/share/rover/description/rover_core_lr.xacro
-- Up-to-date: /home/spalo/URC2024/software/model/install/rover/share/rover/description/gazebo_control.xacro
-- Up-to-date: /home/spalo/URC2024/software/model/install/rover/share/rover/description/inertial_macros.xacro
-- Up-to-date: /home/spalo/URC2024/software/model/install/rover/share/rover/config
-- Up-to-date: /home/spalo/URC2024/software/model/install/rover/share/rover/config/controller_position.yaml
-- Up-to-date: /home/spalo/URC2024/software/model/install/rover/share/rover/rviz
-- Up-to-date: /home/spalo/URC2024/software/model/install/rover/share/rover/rviz/default.rviz
-- Installing: /home/spalo/URC2024/software/model/install/rover/lib/rover/control.py
-- Up-to-date: /home/spalo/URC2024/software/model/install/rover/share/ament_index/resource_index/package_run_dependencies/rover
-- Up-to-date: /home/spalo/URC2024/software/model/install/rover/share/ament_index/resource_index/parent_prefix_path/rover
-- Up-to-date: /home/spalo/URC2024/software/model/install/rover/share/rover/environment/ament_prefix_path.sh
-- Up-to-date: /home/spalo/URC2024/software/model/install/rover/share/rover/environment/ament_prefix_path.dsv
-- Up-to-date: /home/spalo/URC2024/software/model/install/rover/share/rover/environment/path.sh
-- Up-to-date: /home/spalo/URC2024/software/model/install/rover/share/rover/environment/path.dsv
-- Up-to-date: /home/spalo/URC2024/software/model/install/rover/share/rover/local_setup.bash
-- Up-to-date: /home/spalo/URC2024/software/model/install/rover/share/rover/local_setup.sh
-- Up-to-date: /home/spalo/URC2024/software/model/install/rover/share/rover/local_setup.zsh
-- Up-to-date: /home/spalo/URC2024/software/model/install/rover/share/rover/local_setup.dsv
-- Installing: /home/spalo/URC2024/software/model/install/rover/share/rover/package.dsv
-- Up-to-date: /home/spalo/URC2024/software/model/install/rover/share/ament_index/resource_index/packages/rover
-- Up-to-date: /home/spalo/URC2024/software/model/install/rover/share/rover/cmake/roverConfig.cmake
-- Up-to-date: /home/spalo/URC2024/software/model/install/rover/share/rover/cmake/roverConfig-version.cmake
-- Up-to-date: /home/spalo/URC2024/software/model/install/rover/share/rover/package.xml
